node.exe : npm warn Unknown 
project config 
"node-linker". This will 
stop working in the next 
major version of npm.
At C:\Users\tyriq\AppData\Roa
ming\npm\npm.ps1:24 char:5
+     & "node$exe"  "$basedir
/node_modules/npm/bin/npm-cli
.js" $args
+     ~~~~~~~~~~~~~~~~~~~~~~~
~~~~~~~~~~~~~~~~~~~~~~~~~~~~~
~~~~~~~~~~
    + CategoryInfo           
   : NotSpecified: (npm war  
  n Unknow...version of np   
 m.:String) [], RemoteExc    
eption
    + FullyQualifiedErrorId  
   : NativeCommandError
 
npm warn Unknown project 
config "shamefully-hoist". 
This will stop working in 
the next major version of 
npm.
npm warn Unknown project 
config 
"public-hoist-pattern". This 
will stop working in the 
next major version of npm.
npm warn Unknown project 
config 
"prefer-frozen-lockfile". 
This will stop working in 
the next major version of 
npm.
npm warn Unknown project 
config 
"verify-store-integrity". 
This will stop working in 
the next major version of 
npm.
npm warn Unknown project 
config 
"package-manager-strict". 
This will stop working in 
the next major version of 
npm.

> app@1.1.0 test
> jest careerLiftScreens.test.tsx

  console.error
    Warning: An update to MockInterviewScreen inside a test was not wrapped in act(...).
    
    When testing, code that causes React state updates should be wrapped into act(...):
    
    act(() => {
      /* fire events that update state */
    });
    /* assert on the output */
    
    This ensures that you're testing the behavior the user would see in the browser. Learn more at https://reactjs.org/link/wrap-tests-with-act
        at MockInterviewScreen (C:\Users\tyriq\Documents\Github\react-native-ai\app\src\screens\careerLift\mockInterview.tsx:41:49)

      at printWarning (node_modules/react-test-renderer/cjs/react-test-renderer.development.js:72:30)
      at error (node_modules/react-test-renderer/cjs/react-test-renderer.development.js:46:7)
      at warnIfUpdatesNotWrappedWithActDEV (node_modules/react-test-renderer/cjs/react-test-renderer.development.js:16716:9)
      at scheduleUpdateOnFiber (node_modules/react-test-renderer/cjs/react-test-renderer.development.js:14916:5)
      at dispatchSetState (node_modules/react-test-renderer/cjs/react-test-renderer.development.js:6767:7)
      at setStatus (node_modules/expo-modules-core/src/PermissionsHook.ts:46:28)
      at asyncGeneratorStep (node_modules/@babel/runtime/helpers/asyncToGenerator.js:3:17)
      at _next (node_modules/@babel/runtime/helpers/asyncToGenerator.js:17:9)

FAIL src/screens/careerLift/_
_tests__/careerLiftScreens.te
st.tsx (7.066 s)
  careerLiftRoutes
    ├ù contains all required 
screen routes (9 ms)
  CareerLift screens
    ΓêÜ renders screen 
library and route entries 
(112 ms)
    ΓêÜ navigates from 
splash on continue (11 ms)
    ΓêÜ navigates to AI 
onboarding from splash (6 ms)
    ΓêÜ renders Splash 
screen content (7 ms)
    ΓêÜ renders 
OnboardingGoals screen 
content (27 ms)
    ΓêÜ renders 
OnboardingSetTargets screen 
content (100 ms)
    ΓêÜ renders 
ResumeIngestion screen 
content (60 ms)
    ├ù renders Dashboard 
screen content (86 ms)
    ΓêÜ renders JobDetails 
screen content (145 ms)
    ΓêÜ renders 
OutreachCenter screen 
content (9 ms)
    ΓêÜ renders JobTracker 
screen content (67 ms)
    ├ù renders LinkedInKit 
screen content (15 ms)
    ├ù renders MockInterview 
screen content (63 ms)
    ΓêÜ renders AIOnboarding 
screen content (8 ms)
    ΓêÜ renders ATSResults 
screen content (20 ms)
    ΓêÜ renders WeeklyDigest 
screen content (26 ms)
    ├ù renders 
SettingsProfile screen 
content (127 ms)
    ΓêÜ renders ApplyPack 
screen content (5 ms)
    ΓêÜ renders ApplyPack 
screen content (6 ms)
    ΓêÜ renders 
InterviewPrep screen content 
(14 ms)
    ├ù dashboard bottom 
navigation items are 
clickable (36 ms)
    ΓêÜ shows role options 
based on selected track (67 
ms)
    ├ù renders target screen 
sections for goals and 
skills (56 ms)
    ├ù renders onboarding 
goals sections for seniority 
and location cards (24 ms)

  ΓùÅ careerLiftRoutes ΓÇ║ 
contains all required screen 
routes

    expect(received).toHaveLe
ngth(expected)

    Expected length: 17
    Received length: 19
    Received array:  
[{"key": "Splash", "label": 
"Career Lift Splash 
Screen"}, {"key": 
"OnboardingGoals", "label": 
"Onboarding: Career Goals"}, 
{"key": 
"OnboardingSetTargets", 
"label": "Onboarding: Set 
Targets"}, {"key": 
"ResumeIngestion", "label": 
"Onboarding: Resume 
Ingestion"}, {"key": 
"ResumeUpload", "label": 
"Onboarding: Resume 
Upload"}, {"key": 
"Dashboard", "label": 
"Career Lift Dashboard"}, 
{"key": "JobDetails", 
"label": "Career Lift Job 
Details"}, {"key": 
"OutreachCenter", "label": 
"Outreach Follow-up 
Center"}, {"key": 
"JobTracker", "label": "Job 
Tracker Pipeline"}, {"key": 
"LinkedInKit", "label": 
"LinkedIn Optimization 
Kit"}, ΓÇª]

    [0m [90m 47 |[39m desc
ribe([32m'careerLiftRoutes'
[39m[33m,[39m () 
[33m=>[39m {
     [90m 48 |[39m   
it([32m'contains all 
required screen 
routes'[39m[33m,[39m () 
[33m=>[39m {
    
[31m[1m>[22m[39m[90m 49 
|[39m     expect(careerLiftR
outes)[33m.[39mtoHaveLength
([35m17[39m)
     [90m    |[39m         
                     
[31m[1m^[22m[39m
     [90m 50 |[39m     expe
ct(careerLiftRoutes[33m.[39
mmap(route [33m=>[39m route
[33m.[39mkey))[33m.[39mto
Equal([
     [90m 51 |[39m       
[32m'Splash'[39m[33m,[39m
     [90m 52 |[39m       [
32m'OnboardingGoals'[39m[33
m,[39m[0m

      at Object.toHaveLength 
(src/screens/careerLift/__tes
ts__/careerLiftScreens.test.t
sx:49:30)

  ΓùÅ CareerLift screens ΓÇ║ 
renders Dashboard screen 
content

    Unable to find an 
element with text: /Your 
Pipeline/i

    [36m<View>[39m
      [36m<View>[39m
        [36m<View>[39m
          [36m<View[39m
            [33maccessibilit
yLabel[39m=[32m"Open 
profile"[39m
            [33maccessible[
39m=[32m{true}[39m
          [36m>[39m
            [36m<Image 
/>[39m
            [36m<View 
/>[39m
          [36m</View>[39m
          [36m<View>[39m
            [36m<Text>[39m
              [0mGood 
Morning,[0m
            [36m</Text>[39m
            [36m<Text>[39m
              [0mAlex[0m
            [36m</Text>[39m
          [36m</View>[39m
        [36m</View>[39m
        [36m<View>[39m
          [36m<View[39m
            [33maccessibilit
yLabel[39m=[32m"Start new 
scan"[39m
            [33maccessible[
39m=[32m{true}[39m
          [36m>[39m
            [36m<View>[39m
              [36m<View 
/>[39m
              [36m<View 
/>[39m
              [36m<View 
/>[39m
            [36m</View>[39m
            [36m<View>[39m
              
[36m<Text>[39m
                [0mNew 
Scan[0m
              
[36m</Text>[39m
              
[36m<Text>[39m
                [0mReady to 
scan jobs[0m
              
[36m</Text>[39m
            [36m</View>[39m
          [36m</View>[39m
          [36m<View[39m
            [33maccessibilit
yLabel[39m=[32m"Open 
notifications"[39m
            [33maccessible[
39m=[32m{true}[39m
          [36m>[39m
            [36m<View 
/>[39m
          [36m</View>[39m
        [36m</View>[39m
      [36m</View>[39m
      
[36m<RCTScrollView>[39m
        [36m<View>[39m
          [36m<View>[39m
            [36m<Text>[39m
              [0mQUICK 
ACTIONS[0m
            [36m</Text>[39m
            [36m<View[39m
              [33maccessible
[39m=[32m{true}[39m
            [36m>[39m
              
[36m<Text>[39m
                [0mView 
All[0m
              
[36m</Text>[39m
            [36m</View>[39m
          [36m</View>[39m
          
[36m<RCTScrollView>[39m
            [36m<View>[39m
              [36m<View[39m
                [33maccessib
le[39m=[32m{true}[39m
              [36m>[39m
                
[36m<View>[39m
                  [36m<View 
/>[39m
                
[36m</View>[39m
                
[36m<View>[39m
                  
[36m<Text>[39m
                    
[0mApplied (12)[0m
                  
[36m</Text>[39m
                  
[36m<Text>[39m
                    [0mOpen 
tracker pipeline[0m
                  
[36m</Text>[39m
                
[36m</View>[39m
              
[36m</View>[39m
              [36m<View[39m
                [33maccessib
le[39m=[32m{true}[39m
              [36m>[39m
                
[36m<View>[39m
                  [36m<View 
/>[39m
                
[36m</View>[39m
                
[36m<View>[39m
                  
[36m<Text>[39m
                    
[0mCustom Job Practice[0m
                  
[36m</Text>[39m
                  
[36m<Text>[39m
                    
[0mStart custom interview 
prep[0m
                  
[36m</Text>[39m
                
[36m</View>[39m
              
[36m</View>[39m
              [36m<View[39m
                [33maccessib
le[39m=[32m{true}[39m
              [36m>[39m
                
[36m<View>[39m
                  [36m<View 
/>[39m
                
[36m</View>[39m
                
[36m<View>[39m
                  
[36m<Text>[39m
                    
[0mResume Scan[0m
                  
[36m</Text>[39m
                  
[36m<Text>[39m
                    [0mRun 
ATS fit scan[0m
                  
[36m</Text>[39m
                
[36m</View>[39m
              
[36m</View>[39m
              [36m<View[39m
                [33maccessib
le[39m=[32m{true}[39m
              [36m>[39m
                
[36m<View>[39m
                  [36m<View 
/>[39m
                
[36m</View>[39m
                
[36m<View>[39m
                  
[36m<Text>[39m
                    
[0mOptimize LinkedIn[0m
                  
[36m</Text>[39m
                  
[36m<Text>[39m
                    [0mOpen 
LinkedIn Kit[0m
                  
[36m</Text>[39m
                
[36m</View>[39m
              
[36m</View>[39m
            [36m</View>[39m
          
[36m</RCTScrollView>[39m
          [36m<View[39m
            [33maccessible[
39m=[32m{true}[39m
          [36m>[39m
            [36m<View>[39m
              
[36m<Text>[39m
                [0mWeekly 
Plan[0m
              
[36m</Text>[39m
              
[36m<Text>[39m
                [0mOct 24 - 
30[0m
              
[36m</Text>[39m
            [36m</View>[39m
            [36m<View>[39m
              
[36m<Text>[39m
                [0m5[0m
              
[36m</Text>[39m
              
[36m<Text>[39m
                [0m/ [0m
                [0m10[0m
                [0m 
Applications[0m
              
[36m</Text>[39m
            [36m</View>[39m
            [36m<View>[39m
              [36m<View 
/>[39m
            [36m</View>[39m
            [36m<Text>[39m
              [0m"Halfway 
there! Keep the momentum 
going."[0m
            [36m</Text>[39m
          [36m</View>[39m
          [36m<View>[39m
            [36m<Text>[39m
              [0mNEXT 
ACTIONS[0m
            [36m</Text>[39m
            [36m<View>[39m
              
[36m<Text>[39m
                [0m3[0m
              
[36m</Text>[39m
            [36m</View>[39m
          [36m</View>[39m
          [36m<View[39m
            [33maccessible[
39m=[32m{true}[39m
          [36m>[39m
            [36m<View 
/>[39m
            [36m<View>[39m
              [36m<View 
/>[39m
            [36m</View>[39m
            [36m<View>[39m
              
[36m<Text>[39m
                [0mFollow 
up with Acme Corp[0m
              
[36m</Text>[39m
              
[36m<View>[39m
                
[36m<View>[39m
                  
[36m<Text>[39m
                    [0mDue 
Today[0m
                  
[36m</Text>[39m
                
[36m</View>[39m
                
[36m<Text>[39m
                  
[0mSoftware Engineer 
Role[0m
                
[36m</Text>[39m
              
[36m</View>[39m
            [36m</View>[39m
          [36m</View>[39m
          [36m<View[39m
            [33maccessible[
39m=[32m{true}[39m
          [36m>[39m
            [36m<View>[39m
              [36m<View 
/>[39m
            [36m</View>[39m
            [36m<View>[39m
              
[36m<Text>[39m
                [0mReview 
Apply Pack for Google[0m
              
[36m</Text>[39m
              
[36m<View>[39m
                
[36m<View>[39m
                  
[36m<Text>[39m
                    
[0mTomorrow[0m
                  
[36m</Text>[39m
                
[36m</View>[39m
              
[36m</View>[39m
            [36m</View>[39m
          [36m</View>[39m
          [36m<View[39m
            [33maccessible[
39m=[32m{true}[39m
          [36m>[39m
            [36m<View>[39m
              [36m<View 
/>[39m
            [36m</View>[39m
            [36m<View>[39m
              
[36m<Text>[39m
                [0mUpdate 
LinkedIn Headline[0m
              
[36m</Text>[39m
              
[36m<View>[39m
                
[36m<View>[39m
                  
[36m<Text>[39m
                    
[0mGeneral[0m
                  
[36m</Text>[39m
                
[36m</View>[39m
              
[36m</View>[39m
            [36m</View>[39m
          [36m</View>[39m
          [36m<View />[39m
        [36m</View>[39m
      
[36m</RCTScrollView>[39m
      [36m<View[39m
        [33maccessibilityLab
el[39m=[32m"Add job to 
pipeline"[39m
        [33maccessible[39m=
[32m{true}[39m
        [33mtestID[39m=[32
m"dashboard-add-job-fab"[39m
      [36m/>[39m
    [36m</View>[39m

    [0m [90m 124 |[39m   
])([32m'renders $name 
screen 
content'[39m[33m,[39m ({ 
component[33m:[39m [33mCom
ponent[39m[33m,[39m 
heading }) [33m=>[39m {
     [90m 125 |[39m     
[36mconst[39m { getByText 
} [33m=[39m render([33m<[
39m[33mComponent[39m naviga
tion[33m=[39m{navigation} 
[33m/[39m[33m>[39m)
    
[31m[1m>[22m[39m[90m 
126 |[39m     expect(getByTe
xt([36mnew[39m [33mRegExp
[39m(heading[33m,[39m [32m
'i'[39m)))[33m.[39mtoBeTru
thy()
     [90m     |[39m        
    [31m[1m^[22m[39m
     [90m 127 |[39m   })
     [90m 128 |[39m
     [90m 129 |[39m   
it([32m'dashboard bottom 
navigation items are 
clickable'[39m[33m,[39m 
() [33m=>[39m {[0m

      at getByText (src/scree
ns/careerLift/__tests__/caree
rLiftScreens.test.tsx:126:12)

  ΓùÅ CareerLift screens ΓÇ║ 
renders LinkedInKit screen 
content

    Found multiple elements 
with text: /LinkedIn Kit/i

    [0m [90m 124 |[39m   
])([32m'renders $name 
screen 
content'[39m[33m,[39m ({ 
component[33m:[39m [33mCom
ponent[39m[33m,[39m 
heading }) [33m=>[39m {
     [90m 125 |[39m     
[36mconst[39m { getByText 
} [33m=[39m render([33m<[
39m[33mComponent[39m naviga
tion[33m=[39m{navigation} 
[33m/[39m[33m>[39m)
    
[31m[1m>[22m[39m[90m 
126 |[39m     expect(getByTe
xt([36mnew[39m [33mRegExp
[39m(heading[33m,[39m [32m
'i'[39m)))[33m.[39mtoBeTru
thy()
     [90m     |[39m        
    [31m[1m^[22m[39m
     [90m 127 |[39m   })
     [90m 128 |[39m
     [90m 129 |[39m   
it([32m'dashboard bottom 
navigation items are 
clickable'[39m[33m,[39m 
() [33m=>[39m {[0m

      at getByText (src/scree
ns/careerLift/__tests__/caree
rLiftScreens.test.tsx:126:12)

  ΓùÅ CareerLift screens ΓÇ║ 
renders MockInterview screen 
content

    Unable to find an 
element with text: 
/Behavioral Interview/i

    
[36m<RCTSafeAreaView>[39m
      [36m<View>[39m
        [36m<View[39m
          [33maccessible[39
m=[32m{true}[39m
          [33mtestID[39m=[
32m"header-close"[39m
        [36m/>[39m
        [36m<View>[39m
          [36m<Text>[39m
            
[0mBEHAVIORAL[0m
          [36m</Text>[39m
          [36m<View>[39m
            [36m<View 
/>[39m
            [36m<View 
/>[39m
            [36m<View 
/>[39m
            [36m<View 
/>[39m
            [36m<View 
/>[39m
          [36m</View>[39m
        [36m</View>[39m
        [36m<View[39m
          [33maccessible[39
m=[32m{true}[39m
          [33mtestID[39m=[
32m"header-menu"[39m
        [36m/>[39m
      [36m</View>[39m
      [36m<View>[39m
        [36m<View>[39m
          [36m<View>[39m
            [36m<Text[39m
              [33mtestID[39
m=[32m"timer-text"[39m
            [36m>[39m
              [0m01:45[0m
            [36m</Text>[39m
            [36m<View 
/>[39m
          [36m</View>[39m
          [36m<Text>[39m
            [0mTime 
Remaining[0m
          [36m</Text>[39m
        [36m</View>[39m
        [36m<View>[39m
          [36m<View />[39m
          [36m<View>[39m
            [36m<View>[39m
              
[36m<Text>[39m
                [0mQ2 OF 
5[0m
              
[36m</Text>[39m
            [36m</View>[39m
            [36m<View[39m
              [33maccessible
[39m=[32m{true}[39m
            [36m/>[39m
          [36m</View>[39m
          [36m<Text>[39m
            [0mDescribe a 
situation where you had to 
manage a difficult 
stakeholder. How did you 
handle it?[0m
          [36m</Text>[39m
          [36m<View[39m
            [33maccessible[
39m=[32m{true}[39m
          [36m>[39m
            [36m<View>[39m
              
[36m<Text>[39m
                [0mShow 
Evaluation Rubric[0m
              
[36m</Text>[39m
            [36m</View>[39m
          [36m</View>[39m
        [36m</View>[39m
        [36m<View>[39m
          [36m<View>[39m
            [36m<Text>[39m
              [0m"[0m
              
[36m<Text>[39m
                [0m|[0m
              
[36m</Text>[39m
              [0m"[0m
            [36m</Text>[39m
          [36m</View>[39m
          [36m<View>[39m
            [36m<View 
/>[39m
            [36m<View 
/>[39m
            [36m<View 
/>[39m
            [36m<View 
/>[39m
            [36m<View 
/>[39m
            [36m<View 
/>[39m
            [36m<View 
/>[39m
            [36m<View 
/>[39m
            [36m<View 
/>[39m
            [36m<View 
/>[39m
            [36m<View 
/>[39m
            [36m<View 
/>[39m
            [36m<View 
/>[39m
            [36m<View 
/>[39m
            [36m<View 
/>[39m
            [36m<View 
/>[39m
            [36m<View 
/>[39m
            [36m<View 
/>[39m
            [36m<View 
/>[39m
            [36m<View 
/>[39m
            [36m<View 
/>[39m
            [36m<View 
/>[39m
            [36m<View 
/>[39m
            [36m<View 
/>[39m
            [36m<View 
/>[39m
            [36m<View 
/>[39m
            [36m<View 
/>[39m
            [36m<View 
/>[39m
            [36m<View 
/>[39m
            [36m<View 
/>[39m
          [36m</View>[39m
        [36m</View>[39m
      [36m</View>[39m
      [36m<View>[39m
        [36m<View>[39m
          [36m<View[39m
            [33maccessible[
39m=[32m{true}[39m
          [36m>[39m
            [36m<View 
/>[39m
            [36m<Text>[39m
              [0mReset[0m
            [36m</Text>[39m
          [36m</View>[39m
          [36m<View>[39m
            [36m<View[39m
              
[33mstyle[39m=[32m{
                {
                  "opacity": 
0,
                }
              }[39m
            [36m/>[39m
            [36m<View[39m
              [33maccessible
[39m=[32m{true}[39m
              [33mtestID[39
m=[32m"record-button"[39m
            [36m>[39m
              [36m<View 
/>[39m
            [36m</View>[39m
          [36m</View>[39m
          [36m<View[39m
            [33maccessible[
39m=[32m{true}[39m
          [36m>[39m
            [36m<View 
/>[39m
            [36m<Text>[39m
              [0mDone[0m
            [36m</Text>[39m
          [36m</View>[39m
        [36m</View>[39m
        [36m<View />[39m
      [36m</View>[39m
    
[36m</RCTSafeAreaView>[39m

    [0m [90m 124 |[39m   
])([32m'renders $name 
screen 
content'[39m[33m,[39m ({ 
component[33m:[39m [33mCom
ponent[39m[33m,[39m 
heading }) [33m=>[39m {
     [90m 125 |[39m     
[36mconst[39m { getByText 
} [33m=[39m render([33m<[
39m[33mComponent[39m naviga
tion[33m=[39m{navigation} 
[33m/[39m[33m>[39m)
    
[31m[1m>[22m[39m[90m 
126 |[39m     expect(getByTe
xt([36mnew[39m [33mRegExp
[39m(heading[33m,[39m [32m
'i'[39m)))[33m.[39mtoBeTru
thy()
     [90m     |[39m        
    [31m[1m^[22m[39m
     [90m 127 |[39m   })
     [90m 128 |[39m
     [90m 129 |[39m   
it([32m'dashboard bottom 
navigation items are 
clickable'[39m[33m,[39m 
() [33m=>[39m {[0m

      at getByText (src/scree
ns/careerLift/__tests__/caree
rLiftScreens.test.tsx:126:12)

  ΓùÅ CareerLift screens ΓÇ║ 
renders SettingsProfile 
screen content

    Unable to find an 
element with text: /Settings 
and Profile/i

    [36m<View>[39m
      
[36m<RCTScrollView>[39m
        [36m<View>[39m
          [36m<View>[39m
            [36m<View>[39m
              [36m<Image 
/>[39m
              [36m<View[39m
                [33maccessib
ilityLabel[39m=[32m"Edit 
profile photo"[39m
                [33maccessib
le[39m=[32m{true}[39m
              [36m/>[39m
            [36m</View>[39m
            [36m<Text>[39m
              [0mAlex 
Mercer[0m
            [36m</Text>[39m
            [36m<Text>[39m
              [0mSoftware 
Engineer[0m
            [36m</Text>[39m
            [36m<View>[39m
              [36m<View[39m
                [33maccessib
le[39m=[32m{true}[39m
              [36m>[39m
                
[36m<Text>[39m
                  [0mOpen 
to Work[0m
                
[36m</Text>[39m
              
[36m</View>[39m
              [36m<View[39m
                [33maccessib
le[39m=[32m{true}[39m
              [36m>[39m
                
[36m<Text>[39m
                  [0mSan 
Francisco, CA[0m
                
[36m</Text>[39m
              
[36m</View>[39m
            [36m</View>[39m
          [36m</View>[39m
          [36m<View>[39m
            [36m<Text>[39m
              [0mTARGET 
ROLE TRACK[0m
            [36m</Text>[39m
            [36m<View>[39m
              [36m<View[39m
                [33maccessib
le[39m=[32m{true}[39m
              [36m>[39m
                
[36m<View>[39m
                  [36m<View 
/>[39m
                  
[36m<Text>[39m
                    
[0mIndustry[0m
                  
[36m</Text>[39m
                
[36m</View>[39m
                
[36m<View>[39m
                  
[36m<Text>[39m
                    
[0mEngineering[0m
                  
[36m</Text>[39m
                
[36m</View>[39m
              
[36m</View>[39m
              [36m<View 
/>[39m
              [36m<View[39m
                [33maccessib
le[39m=[32m{true}[39m
              [36m>[39m
                
[36m<View>[39m
                  [36m<View 
/>[39m
                  
[36m<Text>[39m
                    
[0mSeniority Level[0m
                  
[36m</Text>[39m
                
[36m</View>[39m
                
[36m<View>[39m
                  
[36m<Text>[39m
                    
[0mMid-Level[0m
                  
[36m</Text>[39m
                
[36m</View>[39m
              
[36m</View>[39m
              [36m<View 
/>[39m
              [36m<View[39m
                [33maccessib
le[39m=[32m{true}[39m
              [36m>[39m
                
[36m<View>[39m
                  [36m<View 
/>[39m
                  
[36m<Text>[39m
                    
[0mTarget Role[0m
                  
[36m</Text>[39m
                
[36m</View>[39m
                
[36m<View>[39m
                  
[36m<Text>[39m
                    
[0mSoftware Engineer[0m
                  
[36m</Text>[39m
                
[36m</View>[39m
              
[36m</View>[39m
              [36m<View 
/>[39m
              [36m<View[39m
                [33maccessib
le[39m=[32m{true}[39m
              [36m>[39m
                
[36m<View>[39m
                  [36m<View 
/>[39m
                  
[36m<Text>[39m
                    
[0mSalary Range[0m
                  
[36m</Text>[39m
                
[36m</View>[39m
                
[36m<View>[39m
                  
[36m<Text>[39m
                    
[0m$120k-$150k[0m
                  
[36m</Text>[39m
                
[36m</View>[39m
              
[36m</View>[39m
              [36m<View 
/>[39m
              [36m<View[39m
                [33maccessib
le[39m=[32m{true}[39m
              [36m>[39m
                
[36m<View>[39m
                  [36m<View 
/>[39m
                  
[36m<Text>[39m
                    
[0mCustom Interview Prep[0m
                  
[36m</Text>[39m
                
[36m</View>[39m
                
[36m<View>[39m
                  
[36m<Text>[39m
                    [0mURL 
or pasted JD[0m
                  
[36m</Text>[39m
                
[36m</View>[39m
              
[36m</View>[39m
            [36m</View>[39m
          [36m</View>[39m
          [36m<View>[39m
            [36m<Text>[39m
              
[0mINTEGRATIONS[0m
            [36m</Text>[39m
            [36m<View>[39m
              [36m<View[39m
                [33maccessib
le[39m=[32m{true}[39m
              [36m>[39m
                
[36m<View>[39m
                  [36m<View 
/>[39m
                  
[36m<Text>[39m
                    
[0mLinkedIn[0m
                  
[36m</Text>[39m
                
[36m</View>[39m
                
[36m<View>[39m
                  
[36m<View>[39m
                    
[36m<Text>[39m
                      
[0mConnected[0m
                    
[36m</Text>[39m
                  
[36m</View>[39m
                
[36m</View>[39m
              
[36m</View>[39m
              [36m<View 
/>[39m
              [36m<View[39m
                [33maccessib
le[39m=[32m{true}[39m
              [36m>[39m
                
[36m<View>[39m
                  [36m<View 
/>[39m
                  
[36m<Text>[39m
                    
[0mGmail[0m
                  
[36m</Text>[39m
                
[36m</View>[39m
                
[36m<View>[39m
                  
[36m<View>[39m
                    
[36m<Text>[39m
                      
[0mConnected[0m
                    
[36m</Text>[39m
                  
[36m</View>[39m
                
[36m</View>[39m
              
[36m</View>[39m
              [36m<View 
/>[39m
              
[36m<View>[39m
                
[36m<View>[39m
                  [36m<View 
/>[39m
                  
[36m<Text>[39m
                    
[0mOutlook[0m
                  
[36m</Text>[39m
                
[36m</View>[39m
                
[36m<View[39m
                  [33maccess
ible[39m=[32m{true}[39m
                [36m>[39m
                  
[36m<Text>[39m
                    
[0mConnect[0m
                  
[36m</Text>[39m
                
[36m</View>[39m
              
[36m</View>[39m
              [36m<View 
/>[39m
              
[36m<View>[39m
                
[36m<View>[39m
                  [36m<View 
/>[39m
                  
[36m<Text>[39m
                    
[0mCalendar Sync[0m
                  
[36m</Text>[39m
                
[36m</View>[39m
                
[36m<RCTSwitch[39m
                  [33maccess
ibilityRole[39m=[32m"switch
"[39m
                  [33mvalue
[39m=[32m{true}[39m
                [36m/>[39m
              
[36m</View>[39m
            [36m</View>[39m
            [36m<Text>[39m
              [0mSyncing 
allows Career Lift to detect 
interview invites 
automatically.[0m
            [36m</Text>[39m
          [36m</View>[39m
          [36m<View>[39m
            [36m<Text>[39m
              [0mAI CREDITS 
& PLANS[0m
            [36m</Text>[39m
            [36m<View>[39m
              
[36m<View>[39m
                
[36m<View>[39m
                  [36m<View 
/>[39m
                  
[36m<View>[39m
                    
[36m<Text>[39m
                      
[0mAvailable Credits[0m
                    
[36m</Text>[39m
                    
[36m<Text>[39m
                      
[0m150[0m
                      
[36m<Text>[39m
                        [0m 
credits[0m
                      
[36m</Text>[39m
                    
[36m</Text>[39m
                  
[36m</View>[39m
                
[36m</View>[39m
                
[36m<View[39m
                  [33maccess
ible[39m=[32m{true}[39m
                [36m>[39m
                  
[36m<Text>[39m
                    
[0mAdd[0m
                  
[36m</Text>[39m
                
[36m</View>[39m
              
[36m</View>[39m
              [36m<View 
/>[39m
              [36m<View[39m
                [33maccessib
le[39m=[32m{true}[39m
              [36m>[39m
                
[36m<View>[39m
                  [36m<View 
/>[39m
                  
[36m<View>[39m
                    
[36m<Text>[39m
                      
[0mBuy Credit Packages[0m
                    
[36m</Text>[39m
                    
[36m<Text>[39m
                      
[0mOne-time packs starting 
at $4.99[0m
                    
[36m</Text>[39m
                  
[36m</View>[39m
                
[36m</View>[39m
              
[36m</View>[39m
              [36m<View 
/>[39m
              [36m<View[39m
                [33maccessib
le[39m=[32m{true}[39m
              [36m>[39m
                
[36m<View>[39m
                  [36m<View 
/>[39m
                  
[36m<View>[39m
                    
[36m<Text>[39m
                      
[0mUpgrade Plan[0m
                    
[36m</Text>[39m
                    
[36m<Text>[39m
                      
[0mUnlock auto-apply & 
unlimited credits[0m
                    
[36m</Text>[39m
                  
[36m</View>[39m
                
[36m</View>[39m
                
[36m<View>[39m
                  
[36m<Text>[39m
                    
[0mUPGRADE[0m
                  
[36m</Text>[39m
                
[36m</View>[39m
              
[36m</View>[39m
            [36m</View>[39m
          [36m</View>[39m
          [36m<View>[39m
            [36m<Text>[39m
              [0mBILLING[0m
            [36m</Text>[39m
            [36m<View>[39m
              
[36m<View>[39m
                
[36m<View>[39m
                  [36m<View 
/>[39m
                  
[36m<View>[39m
                    
[36m<Text>[39m
                      
[0mCurrent Plan[0m
                    
[36m</Text>[39m
                    
[36m<Text>[39m
                      
[0mRenews on Oct 24, 
2023[0m
                    
[36m</Text>[39m
                  
[36m</View>[39m
                
[36m</View>[39m
                
[36m<View>[39m
                  
[36m<Text>[39m
                    
[0mPRO[0m
                  
[36m</Text>[39m
                
[36m</View>[39m
              
[36m</View>[39m
              [36m<View[39m
                [33maccessib
le[39m=[32m{true}[39m
              [36m>[39m
                
[36m<Text>[39m
                  [0mManage 
Subscription[0m
                
[36m</Text>[39m
              
[36m</View>[39m
              [36m<View[39m
                [33maccessib
le[39m=[32m{true}[39m
              [36m>[39m
                
[36m<Text>[39m
                  
[0mPurchase AI Credits[0m
                
[36m</Text>[39m
              
[36m</View>[39m
            [36m</View>[39m
          [36m</View>[39m
          [36m<View>[39m
            [36m<Text>[39m
              [0mPRIVACY & 
DATA[0m
            [36m</Text>[39m
            [36m<View>[39m
              [36m<View[39m
                [33maccessib
le[39m=[32m{true}[39m
              [36m>[39m
                
[36m<View>[39m
                  [36m<View 
/>[39m
                  
[36m<Text>[39m
                    
[0mExport Activity Log 
(CSV)[0m
                  
[36m</Text>[39m
                
[36m</View>[39m
              
[36m</View>[39m
              [36m<View 
/>[39m
              [36m<View[39m
                [33maccessib
le[39m=[32m{true}[39m
              [36m>[39m
                
[36m<View>[39m
                  [36m<View 
/>[39m
                  
[36m<Text>[39m
                    
[0mAccount & Security[0m
                  
[36m</Text>[39m
                
[36m</View>[39m
              
[36m</View>[39m
              [36m<View 
/>[39m
              [36m<View[39m
                [33maccessib
le[39m=[32m{true}[39m
              [36m>[39m
                
[36m<View>[39m
                  [36m<View 
/>[39m
                  
[36m<Text>[39m
                    
[0mDelete Account[0m
                  
[36m</Text>[39m
                
[36m</View>[39m
              
[36m</View>[39m
            [36m</View>[39m
          [36m</View>[39m
          [36m<Text>[39m
            [0mCareer Lift 
v2.4.1 (Build 890)[0m
          [36m</Text>[39m
          [36m<View />[39m
        [36m</View>[39m
      
[36m</RCTScrollView>[39m
    [36m</View>[39m

    [0m [90m 124 |[39m   
])([32m'renders $name 
screen 
content'[39m[33m,[39m ({ 
component[33m:[39m [33mCom
ponent[39m[33m,[39m 
heading }) [33m=>[39m {
     [90m 125 |[39m     
[36mconst[39m { getByText 
} [33m=[39m render([33m<[
39m[33mComponent[39m naviga
tion[33m=[39m{navigation} 
[33m/[39m[33m>[39m)
    
[31m[1m>[22m[39m[90m 
126 |[39m     expect(getByTe
xt([36mnew[39m [33mRegExp
[39m(heading[33m,[39m [32m
'i'[39m)))[33m.[39mtoBeTru
thy()
     [90m     |[39m        
    [31m[1m^[22m[39m
     [90m 127 |[39m   })
     [90m 128 |[39m
     [90m 129 |[39m   
it([32m'dashboard bottom 
navigation items are 
clickable'[39m[33m,[39m 
() [33m=>[39m {[0m

      at getByText (src/scree
ns/careerLift/__tests__/caree
rLiftScreens.test.tsx:126:12)

  ΓùÅ CareerLift screens ΓÇ║ 
dashboard bottom navigation 
items are clickable

    Unable to find an 
element with text: Jobs

    [36m<View>[39m
      [36m<View>[39m
        [36m<View>[39m
          [36m<View[39m
            [33maccessibilit
yLabel[39m=[32m"Open 
profile"[39m
            [33maccessible[
39m=[32m{true}[39m
          [36m>[39m
            [36m<Image 
/>[39m
            [36m<View 
/>[39m
          [36m</View>[39m
          [36m<View>[39m
            [36m<Text>[39m
              [0mGood 
Morning,[0m
            [36m</Text>[39m
            [36m<Text>[39m
              [0mAlex[0m
            [36m</Text>[39m
          [36m</View>[39m
        [36m</View>[39m
        [36m<View>[39m
          [36m<View[39m
            [33maccessibilit
yLabel[39m=[32m"Start new 
scan"[39m
            [33maccessible[
39m=[32m{true}[39m
          [36m>[39m
            [36m<View>[39m
              [36m<View 
/>[39m
              [36m<View 
/>[39m
              [36m<View 
/>[39m
            [36m</View>[39m
            [36m<View>[39m
              
[36m<Text>[39m
                [0mNew 
Scan[0m
              
[36m</Text>[39m
              
[36m<Text>[39m
                [0mReady to 
scan jobs[0m
              
[36m</Text>[39m
            [36m</View>[39m
          [36m</View>[39m
          [36m<View[39m
            [33maccessibilit
yLabel[39m=[32m"Open 
notifications"[39m
            [33maccessible[
39m=[32m{true}[39m
          [36m>[39m
            [36m<View 
/>[39m
          [36m</View>[39m
        [36m</View>[39m
      [36m</View>[39m
      
[36m<RCTScrollView>[39m
        [36m<View>[39m
          [36m<View>[39m
            [36m<Text>[39m
              [0mQUICK 
ACTIONS[0m
            [36m</Text>[39m
            [36m<View[39m
              [33maccessible
[39m=[32m{true}[39m
            [36m>[39m
              
[36m<Text>[39m
                [0mView 
All[0m
              
[36m</Text>[39m
            [36m</View>[39m
          [36m</View>[39m
          
[36m<RCTScrollView>[39m
            [36m<View>[39m
              [36m<View[39m
                [33maccessib
le[39m=[32m{true}[39m
              [36m>[39m
                
[36m<View>[39m
                  [36m<View 
/>[39m
                
[36m</View>[39m
                
[36m<View>[39m
                  
[36m<Text>[39m
                    
[0mApplied (12)[0m
                  
[36m</Text>[39m
                  
[36m<Text>[39m
                    [0mOpen 
tracker pipeline[0m
                  
[36m</Text>[39m
                
[36m</View>[39m
              
[36m</View>[39m
              [36m<View[39m
                [33maccessib
le[39m=[32m{true}[39m
              [36m>[39m
                
[36m<View>[39m
                  [36m<View 
/>[39m
                
[36m</View>[39m
                
[36m<View>[39m
                  
[36m<Text>[39m
                    
[0mCustom Job Practice[0m
                  
[36m</Text>[39m
                  
[36m<Text>[39m
                    
[0mStart custom interview 
prep[0m
                  
[36m</Text>[39m
                
[36m</View>[39m
              
[36m</View>[39m
              [36m<View[39m
                [33maccessib
le[39m=[32m{true}[39m
              [36m>[39m
                
[36m<View>[39m
                  [36m<View 
/>[39m
                
[36m</View>[39m
                
[36m<View>[39m
                  
[36m<Text>[39m
                    
[0mResume Scan[0m
                  
[36m</Text>[39m
                  
[36m<Text>[39m
                    [0mRun 
ATS fit scan[0m
                  
[36m</Text>[39m
                
[36m</View>[39m
              
[36m</View>[39m
              [36m<View[39m
                [33maccessib
le[39m=[32m{true}[39m
              [36m>[39m
                
[36m<View>[39m
                  [36m<View 
/>[39m
                
[36m</View>[39m
                
[36m<View>[39m
                  
[36m<Text>[39m
                    
[0mOptimize LinkedIn[0m
                  
[36m</Text>[39m
                  
[36m<Text>[39m
                    [0mOpen 
LinkedIn Kit[0m
                  
[36m</Text>[39m
                
[36m</View>[39m
              
[36m</View>[39m
            [36m</View>[39m
          
[36m</RCTScrollView>[39m
          [36m<View[39m
            [33maccessible[
39m=[32m{true}[39m
          [36m>[39m
            [36m<View>[39m
              
[36m<Text>[39m
                [0mWeekly 
Plan[0m
              
[36m</Text>[39m
              
[36m<Text>[39m
                [0mOct 24 - 
30[0m
              
[36m</Text>[39m
            [36m</View>[39m
            [36m<View>[39m
              
[36m<Text>[39m
                [0m5[0m
              
[36m</Text>[39m
              
[36m<Text>[39m
                [0m/ [0m
                [0m10[0m
                [0m 
Applications[0m
              
[36m</Text>[39m
            [36m</View>[39m
            [36m<View>[39m
              [36m<View 
/>[39m
            [36m</View>[39m
            [36m<Text>[39m
              [0m"Halfway 
there! Keep the momentum 
going."[0m
            [36m</Text>[39m
          [36m</View>[39m
          [36m<View>[39m
            [36m<Text>[39m
              [0mNEXT 
ACTIONS[0m
            [36m</Text>[39m
            [36m<View>[39m
              
[36m<Text>[39m
                [0m3[0m
              
[36m</Text>[39m
            [36m</View>[39m
          [36m</View>[39m
          [36m<View[39m
            [33maccessible[
39m=[32m{true}[39m
          [36m>[39m
            [36m<View 
/>[39m
            [36m<View>[39m
              [36m<View 
/>[39m
            [36m</View>[39m
            [36m<View>[39m
              
[36m<Text>[39m
                [0mFollow 
up with Acme Corp[0m
              
[36m</Text>[39m
              
[36m<View>[39m
                
[36m<View>[39m
                  
[36m<Text>[39m
                    [0mDue 
Today[0m
                  
[36m</Text>[39m
                
[36m</View>[39m
                
[36m<Text>[39m
                  
[0mSoftware Engineer 
Role[0m
                
[36m</Text>[39m
              
[36m</View>[39m
            [36m</View>[39m
          [36m</View>[39m
          [36m<View[39m
            [33maccessible[
39m=[32m{true}[39m
          [36m>[39m
            [36m<View>[39m
              [36m<View 
/>[39m
            [36m</View>[39m
            [36m<View>[39m
              
[36m<Text>[39m
                [0mReview 
Apply Pack for Google[0m
              
[36m</Text>[39m
              
[36m<View>[39m
                
[36m<View>[39m
                  
[36m<Text>[39m
                    
[0mTomorrow[0m
                  
[36m</Text>[39m
                
[36m</View>[39m
              
[36m</View>[39m
            [36m</View>[39m
          [36m</View>[39m
          [36m<View[39m
            [33maccessible[
39m=[32m{true}[39m
          [36m>[39m
            [36m<View>[39m
              [36m<View 
/>[39m
            [36m</View>[39m
            [36m<View>[39m
              
[36m<Text>[39m
                [0mUpdate 
LinkedIn Headline[0m
              
[36m</Text>[39m
              
[36m<View>[39m
                
[36m<View>[39m
                  
[36m<Text>[39m
                    
[0mGeneral[0m
                  
[36m</Text>[39m
                
[36m</View>[39m
              
[36m</View>[39m
            [36m</View>[39m
          [36m</View>[39m
          [36m<View />[39m
        [36m</View>[39m
      
[36m</RCTScrollView>[39m
      [36m<View[39m
        [33maccessibilityLab
el[39m=[32m"Add job to 
pipeline"[39m
        [33maccessible[39m=
[32m{true}[39m
        [33mtestID[39m=[32
m"dashboard-add-job-fab"[39m
      [36m/>[39m
    [36m</View>[39m

    [0m [90m 130 |[39m    
 [36mconst[39m { getByText 
} [33m=[39m render([33m<[
39m[33mDashboardScreen[39m 
navigation[33m=[39m{navigat
ion} [33m/[39m[33m>[39m)
     [90m 131 |[39m
    
[31m[1m>[22m[39m[90m 
132 |[39m     fireEvent[33m
.[39mpress(getByText([32m'J
obs'[39m))
     [90m     |[39m        
             
[31m[1m^[22m[39m
     [90m 133 |[39m     fir
eEvent[33m.[39mpress(getByT
ext([32m'Docs'[39m))
     [90m 134 |[39m     fir
eEvent[33m.[39mpress(getByT
ext([32m'Profile'[39m))
     [90m 135 |[39m[0m

      at Object.getByText (sr
c/screens/careerLift/__tests_
_/careerLiftScreens.test.tsx:
132:21)

  ΓùÅ CareerLift screens ΓÇ║ 
renders target screen 
sections for goals and skills

    Unable to find an 
element with text: Step 2 of 
4

    [36m<View>[39m
      [36m<View>[39m
        [36m<View>[39m
          [36m<View[39m
            [33maccessible[
39m=[32m{true}[39m
          [36m>[39m
            [36m<Text>[39m
              [0mBack[0m
            [36m</Text>[39m
          [36m</View>[39m
          [36m<Text>[39m
            [0mStep 2 of 
3[0m
          [36m</Text>[39m
          [36m<View[39m
            [33maccessible[
39m=[32m{true}[39m
          [36m>[39m
            [36m<Text>[39m
              [0mSkip[0m
            [36m</Text>[39m
          [36m</View>[39m
        [36m</View>[39m
        [36m<Text>[39m
          [0mSet Your 
Target[0m
        [36m</Text>[39m
      [36m</View>[39m
      [36m<View>[39m
        [36m<View />[39m
      [36m</View>[39m
      
[36m<RCTScrollView>[39m
        [36m<View>[39m
          [36m<View>[39m
            [36m<Text>[39m
              [0mRole 
Track[0m
            [36m</Text>[39m
            [36m<Text>[39m
              [0mSearch 
roles for your selected 
track: [0m
              
[0mEngineering[0m
            [36m</Text>[39m
            [36m<View>[39m
              
[36m<TextInput[39m
                [33mplacehol
der[39m=[32m"Ex: Product 
Designer"[39m
                
[33mvalue[39m=[32m""[39m
              [36m/>[39m
            [36m</View>[39m
            [36m<View>[39m
              [36m<View[39m
                [33maccessib
le[39m=[32m{true}[39m
              [36m>[39m
                
[36m<Text>[39m
                  
[0mSoftware Engineer[0m
                
[36m</Text>[39m
              
[36m</View>[39m
              [36m<View[39m
                [33maccessib
le[39m=[32m{true}[39m
              [36m>[39m
                
[36m<Text>[39m
                  
[0mFrontend Engineer[0m
                
[36m</Text>[39m
              
[36m</View>[39m
              [36m<View[39m
                [33maccessib
le[39m=[32m{true}[39m
              [36m>[39m
                
[36m<Text>[39m
                  
[0mBackend Engineer[0m
                
[36m</Text>[39m
              
[36m</View>[39m
              [36m<View[39m
                [33maccessib
le[39m=[32m{true}[39m
              [36m>[39m
                
[36m<Text>[39m
                  [0mMobile 
Engineer[0m
                
[36m</Text>[39m
              
[36m</View>[39m
              [36m<View[39m
                [33maccessib
le[39m=[32m{true}[39m
              [36m>[39m
                
[36m<Text>[39m
                  [0mDevOps 
Engineer[0m
                
[36m</Text>[39m
              
[36m</View>[39m
            [36m</View>[39m
          [36m</View>[39m
          [36m<View>[39m
            [36m<View>[39m
              
[36m<Text>[39m
                [0mDesired 
Salary Range[0m
              
[36m</Text>[39m
            [36m</View>[39m
            [36m<View>[39m
              
[36m<RCTScrollView>[39m
                
[36m<View>[39m
                  
[36m<View>[39m
                    
[36m<View[39m
                      [33mac
cessible[39m=[32m{true}[39
m
                    
[36m>[39m
                      
[36m<Text>[39m
                        
[0m$120k-$150k[0m
                      
[36m</Text>[39m
                    
[36m</View>[39m
                    
[36m<View[39m
                      [33mac
cessible[39m=[32m{true}[39
m
                    
[36m>[39m
                      
[36m<Text>[39m
                        
[0m$150k-$180k[0m
                      
[36m</Text>[39m
                    
[36m</View>[39m
                    
[36m<View[39m
                      [33mac
cessible[39m=[32m{true}[39
m
                    
[36m>[39m
                      
[36m<Text>[39m
                        
[0m$180k-$220k+[0m
                      
[36m</Text>[39m
                    
[36m</View>[39m
                  
[36m</View>[39m
                
[36m</View>[39m
              
[36m</RCTScrollView>[39m
            [36m</View>[39m
          [36m</View>[39m
          [36m<View>[39m
            [36m<View>[39m
              
[36m<Text>[39m
                [0mPosition 
Goals[0m
              
[36m</Text>[39m
            [36m</View>[39m
            [36m<View>[39m
              
[36m<RCTScrollView>[39m
                
[36m<View>[39m
                  
[36m<View>[39m
                    
[36m<View>[39m
                      
[36m<View[39m
                        [33m
accessible[39m=[32m{true}[
39m
                      
[36m>[39m
                        
[36m<Text>[39m
                          
[0mFeature Velocity[0m
                        
[36m</Text>[39m
                      
[36m</View>[39m
                      
[36m<View[39m
                        [33m
accessible[39m=[32m{true}[
39m
                      
[36m>[39m
                        
[36m<Text>[39m
                          
[0mCode Quality[0m
                        
[36m</Text>[39m
                      
[36m</View>[39m
                      
[36m<View[39m
                        [33m
accessible[39m=[32m{true}[
39m
                      
[36m>[39m
                        
[36m<Text>[39m
                          
[0mReliability[0m
                        
[36m</Text>[39m
                      
[36m</View>[39m
                      
[36m<View[39m
                        [33m
accessible[39m=[32m{true}[
39m
                      
[36m>[39m
                        
[36m<Text>[39m
                          
[0mReduce Defects[0m
                        
[36m</Text>[39m
                      
[36m</View>[39m
                    
[36m</View>[39m
                    
[36m<View>[39m
                      
[36m<View[39m
                        [33m
accessible[39m=[32m{true}[
39m
                      
[36m>[39m
                        
[36m<Text>[39m
                          
[0mImprove Delivery Time[0m
                        
[36m</Text>[39m
                      
[36m</View>[39m
                    
[36m</View>[39m
                  
[36m</View>[39m
                
[36m</View>[39m
              
[36m</RCTScrollView>[39m
            [36m</View>[39m
          [36m</View>[39m
          [36m<View>[39m
            [36m<View>[39m
              
[36m<Text>[39m
                
[0mHighlighted Skills[0m
              
[36m</Text>[39m
            [36m</View>[39m
            [36m<View>[39m
              
[36m<RCTScrollView>[39m
                
[36m<View>[39m
                  
[36m<View>[39m
                    
[36m<View>[39m
                      
[36m<View[39m
                        [33m
accessible[39m=[32m{true}[
39m
                      
[36m>[39m
                        
[36m<Text>[39m
                          
[0mTypeScript[0m
                        
[36m</Text>[39m
                      
[36m</View>[39m
                      
[36m<View[39m
                        [33m
accessible[39m=[32m{true}[
39m
                      
[36m>[39m
                        
[36m<Text>[39m
                          
[0mAPI Design[0m
                        
[36m</Text>[39m
                      
[36m</View>[39m
                      
[36m<View[39m
                        [33m
accessible[39m=[32m{true}[
39m
                      
[36m>[39m
                        
[36m<Text>[39m
                          
[0mTesting[0m
                        
[36m</Text>[39m
                      
[36m</View>[39m
                      
[36m<View[39m
                        [33m
accessible[39m=[32m{true}[
39m
                      
[36m>[39m
                        
[36m<Text>[39m
                          
[0mSystem Design[0m
                        
[36m</Text>[39m
                      
[36m</View>[39m
                    
[36m</View>[39m
                    
[36m<View>[39m
                      
[36m<View[39m
                        [33m
accessible[39m=[32m{true}[
39m
                      
[36m>[39m
                        
[36m<Text>[39m
                          
[0mCode Review[0m
                        
[36m</Text>[39m
                      
[36m</View>[39m
                      
[36m<View[39m
                        [33m
accessible[39m=[32m{true}[
39m
                      
[36m>[39m
                        
[36m<Text>[39m
                          
[0mPerformance[0m
                        
[36m</Text>[39m
                      
[36m</View>[39m
                    
[36m</View>[39m
                  
[36m</View>[39m
                
[36m</View>[39m
              
[36m</RCTScrollView>[39m
            [36m</View>[39m
          [36m</View>[39m
        [36m</View>[39m
      
[36m</RCTScrollView>[39m
      [36m<View>[39m
        [36m<View[39m
          [33maccessible[39
m=[32m{true}[39m
        [36m>[39m
          [36m<Text>[39m
            [0mContinue[0m
          [36m</Text>[39m
        [36m</View>[39m
        [36m<View[39m
          [33maccessible[39
m=[32m{true}[39m
        [36m>[39m
          [36m<Text>[39m
            [0mBack[0m
          [36m</Text>[39m
        [36m</View>[39m
      [36m</View>[39m
    [36m</View>[39m

    [0m [90m 156 |[39m    
 )
     [90m 157 |[39m
    
[31m[1m>[22m[39m[90m 
158 |[39m     
expect(getByText([32m'Step 
2 of 4'[39m))[33m.[39mtoBe
Truthy()
     [90m     |[39m        
    [31m[1m^[22m[39m
     [90m 159 |[39m     
expect(getByText([32m'Role T
rack'[39m))[33m.[39mtoBeTr
uthy()
     [90m 160 |[39m     exp
ect(getByPlaceholderText([32
m'Ex: Product Designer'[39m)
)[33m.[39mtoBeTruthy()
     [90m 161 |[39m     exp
ect(getByText([32m'Desired 
Salary Range'[39m))[33m.[3
9mtoBeTruthy()[0m

      at Object.getByText (sr
c/screens/careerLift/__tests_
_/careerLiftScreens.test.tsx:
158:12)

  ΓùÅ CareerLift screens ΓÇ║ 
renders onboarding goals 
sections for seniority and 
location cards

    Unable to find an 
element with text: Seniority 
Level

    [36m<View>[39m
      [36m<View />[39m
      [36m<View>[39m
        [36m<View[39m
          [33maccessible[39
m=[32m{true}[39m
        [36m/>[39m
        [36m<View[39m
          [33maccessible[39
m=[32m{true}[39m
        [36m>[39m
          [36m<Text>[39m
            [0mSkip[0m
          [36m</Text>[39m
        [36m</View>[39m
      [36m</View>[39m
      [36m<View>[39m
        [36m<View>[39m
          [36m<Text>[39m
            [36m<Text>[39m
              [0mStep 1 of 
3[0m
            [36m</Text>[39m
          [36m</Text>[39m
          [36m<Text>[39m
            [0m33%[0m
          [36m</Text>[39m
        [36m</View>[39m
        [36m<View>[39m
          [36m<View />[39m
        [36m</View>[39m
      [36m</View>[39m
      
[36m<RCTScrollView>[39m
        [36m<View>[39m
          [36m<View>[39m
            [36m<Text>[39m
              [0mDefine 
Your Path[0m
            [36m</Text>[39m
            [36m<Text>[39m
              [0mLet's 
tailor your experience. Tell 
us where you want to go so 
we can help you get 
there.[0m
            [36m</Text>[39m
          [36m</View>[39m
          [36m<View>[39m
            [36m<Text>[39m
              [0mWHICH 
TRACK BEST DESCRIBES YOU?[0m
            [36m</Text>[39m
            [36m<View>[39m
              [36m<View[39m
                [33maccessib
le[39m=[32m{true}[39m
              [36m>[39m
                [36m<View 
/>[39m
                [36m<View 
/>[39m
                
[36m<Text>[39m
                  
[0mEngineering[0m
                
[36m</Text>[39m
              
[36m</View>[39m
              [36m<View[39m
                [33maccessib
le[39m=[32m{true}[39m
              [36m>[39m
                [36m<View 
/>[39m
                
[36m<Text>[39m
                  
[0mDesign[0m
                
[36m</Text>[39m
              
[36m</View>[39m
              [36m<View[39m
                [33maccessib
le[39m=[32m{true}[39m
              [36m>[39m
                [36m<View 
/>[39m
                
[36m<Text>[39m
                  
[0mProduct[0m
                
[36m</Text>[39m
              
[36m</View>[39m
              [36m<View[39m
                [33maccessib
le[39m=[32m{true}[39m
              [36m>[39m
                [36m<View 
/>[39m
                
[36m<Text>[39m
                  
[0mData[0m
                
[36m</Text>[39m
              
[36m</View>[39m
            [36m</View>[39m
          [36m</View>[39m
          [36m<View>[39m
            [36m<View>[39m
              
[36m<Text>[39m
                [0mCURRENT 
SENIORITY[0m
              
[36m</Text>[39m
              
[36m<Text>[39m
                [0mSelect 
one[0m
              
[36m</Text>[39m
            [36m</View>[39m
            
[36m<RCTScrollView>[39m
              
[36m<View>[39m
                
[36m<View[39m
                  [33maccess
ible[39m=[32m{true}[39m
                [36m>[39m
                  
[36m<Text>[39m
                    
[0mJunior[0m
                  
[36m</Text>[39m
                
[36m</View>[39m
                
[36m<View[39m
                  [33maccess
ible[39m=[32m{true}[39m
                [36m>[39m
                  
[36m<Text>[39m
                    
[0mMid-Level[0m
                  
[36m</Text>[39m
                
[36m</View>[39m
                
[36m<View[39m
                  [33maccess
ible[39m=[32m{true}[39m
                [36m>[39m
                  
[36m<Text>[39m
                    
[0mSenior[0m
                  
[36m</Text>[39m
                
[36m</View>[39m
                
[36m<View[39m
                  [33maccess
ible[39m=[32m{true}[39m
                [36m>[39m
                  
[36m<Text>[39m
                    
[0mLead[0m
                  
[36m</Text>[39m
                
[36m</View>[39m
                
[36m<View[39m
                  [33maccess
ible[39m=[32m{true}[39m
                [36m>[39m
                  
[36m<Text>[39m
                    
[0mExecutive[0m
                  
[36m</Text>[39m
                
[36m</View>[39m
              
[36m</View>[39m
            
[36m</RCTScrollView>[39m
          [36m</View>[39m
          [36m<View>[39m
            [36m<Text>[39m
              [0mPREFERRED 
WORKING STYLE[0m
            [36m</Text>[39m
            [36m<View>[39m
              [36m<View[39m
                [33maccessib
le[39m=[32m{true}[39m
              [36m>[39m
                
[36m<View>[39m
                  [36m<View 
/>[39m
                  
[36m<View>[39m
                    
[36m<Text>[39m
                      
[0mRemote[0m
                    
[36m</Text>[39m
                    
[36m<Text>[39m
                      
[0mWork from anywhere[0m
                    
[36m</Text>[39m
                  
[36m</View>[39m
                
[36m</View>[39m
                [36m<View 
/>[39m
              
[36m</View>[39m
              [36m<View[39m
                [33maccessib
le[39m=[32m{true}[39m
              [36m>[39m
                
[36m<View>[39m
                  [36m<View 
/>[39m
                  
[36m<View>[39m
                    
[36m<Text>[39m
                      
[0mHybrid[0m
                    
[36m</Text>[39m
                    
[36m<Text>[39m
                      
[0mMix of office and 
home[0m
                    
[36m</Text>[39m
                  
[36m</View>[39m
                
[36m</View>[39m
                [36m<View 
/>[39m
              
[36m</View>[39m
              [36m<View[39m
                [33maccessib
le[39m=[32m{true}[39m
              [36m>[39m
                
[36m<View>[39m
                  [36m<View 
/>[39m
                  
[36m<View>[39m
                    
[36m<Text>[39m
                      
[0mOn-site[0m
                    
[36m</Text>[39m
                    
[36m<Text>[39m
                      
[0mFull time at the 
office[0m
                    
[36m</Text>[39m
                  
[36m</View>[39m
                
[36m</View>[39m
                [36m<View 
/>[39m
              
[36m</View>[39m
            [36m</View>[39m
          [36m</View>[39m
        [36m</View>[39m
      
[36m</RCTScrollView>[39m
      [36m<View>[39m
        [36m<View[39m
          [33maccessible[39
m=[32m{true}[39m
        [36m>[39m
          [36m<Text>[39m
            [0mNext Step[0m
          [36m</Text>[39m
        [36m</View>[39m
      [36m</View>[39m
    [36m</View>[39m

    [0m [90m 167 |[39m    
 [36mconst[39m { getByText 
} [33m=[39m render([33m<[
39m[33mOnboardingGoalsScreen
[39m navigation[33m=[39m{n
avigation} 
[33m/[39m[33m>[39m)
     [90m 168 |[39m
    
[31m[1m>[22m[39m[90m 
169 |[39m     expect(getByTe
xt([32m'Seniority Level'[39
m))[33m.[39mtoBeTruthy()
     [90m     |[39m        
    [31m[1m^[22m[39m
     [90m 170 |[39m     exp
ect(getByText([32m'Location 
Preference'[39m))[33m.[39m
toBeTruthy()
     [90m 171 |[39m   })
     [90m 172 |[39m })[0m

      at Object.getByText (sr
c/screens/careerLift/__tests_
_/careerLiftScreens.test.tsx:
169:12)

Test Suites: 1 failed, 1 
total
Tests:       8 failed, 17 
passed, 25 total
Snapshots:   0 total
Time:        7.598 s
Ran all test suites matching 
/careerLiftScreens.test.tsx/i
.
